========================================================================
CHAOS EXPERIMENT B — Naive unique_together blocks re-enrollment
========================================================================
Pre-clean: chaos-b seeker enrollments remaining=0
Installing NAIVE UNIQUE(event_id, seeker_id) — no status condition…
Installed constraint: chaos_naive_unique_event_seeker
Demonstrating invalid PostgreSQL DDL for partial UNIQUE CONSTRAINT…
EXPECTED SYNTAX ERROR (partial unique via ALTER TABLE): ProgrammingError('syntax error at or near "WHERE"\nLINE 5:                 WHERE (status = \'ENROLLED\')\n                        ^\n')
Traceback (most recent call last):
  File "<venv>/django/db/backends/utils.py", line 103, in _execute
    return self.cursor.execute(sql)
           ^^^^^^^^^^^^^^^^^^^^^^^^
psycopg2.errors.SyntaxError: syntax error at or near "WHERE"
LINE 5:                 WHERE (status = 'ENROLLED')
                        ^


The above exception was the direct cause of the following exception:

Traceback (most recent call last):
  File "chaos/chaos_b_unique_together.py", line 125, in main
    cursor.execute(
  File "<venv>/django/db/backends/utils.py", line 122, in execute
    return super().execute(sql, params)
           ^^^^^^^^^^^^^^^^^^^^^^^^^^^^
  File "<venv>/django/db/backends/utils.py", line 79, in execute
    return self._execute_with_wrappers(
           ^^^^^^^^^^^^^^^^^^^^^^^^^^^^
  File "<venv>/django/db/backends/utils.py", line 92, in _execute_with_wrappers
    return executor(sql, params, many, context)
           ^^^^^^^^^^^^^^^^^^^^^^^^^^^^^^^^^^^^
  File "<venv>/django/db/backends/utils.py", line 100, in _execute
    with self.db.wrap_database_errors:
  File "<venv>/django/db/utils.py", line 91, in __exit__
    raise dj_exc_value.with_traceback(traceback) from exc_value
  File "<venv>/django/db/backends/utils.py", line 103, in _execute
    return self.cursor.execute(sql)
           ^^^^^^^^^^^^^^^^^^^^^^^^
django.db.utils.ProgrammingError: syntax error at or near "WHERE"
LINE 5:                 WHERE (status = 'ENROLLED')
                        ^
Created event id=8
STEP 1 ENROLLED enrollment_id=17 status=ENROLLED
STEP 2 CANCELLED enrollment_id=17 status=CANCELLED
STEP 3 RE-ENROLL — inserting new ENROLLED row…
*** IntegrityError (or DB error) CAPTURED: IntegrityError('duplicate key value violates unique constraint "chaos_naive_unique_event_seeker"\nDETAIL:  Key (event_id, seeker_id)=(8, 14) already exists.\n')
Traceback (most recent call last):
  File "<venv>/django/db/backends/utils.py", line 105, in _execute
    return self.cursor.execute(sql, params)
           ^^^^^^^^^^^^^^^^^^^^^^^^^^^^^^^^
psycopg2.errors.UniqueViolation: duplicate key value violates unique constraint "chaos_naive_unique_event_seeker"
DETAIL:  Key (event_id, seeker_id)=(8, 14) already exists.


The above exception was the direct cause of the following exception:

Traceback (most recent call last):
  File "chaos/chaos_b_unique_together.py", line 193, in main
    e2 = Enrollment.objects.create(
         ^^^^^^^^^^^^^^^^^^^^^^^^^^
  File "<venv>/django/db/models/manager.py", line 87, in manager_method
    return getattr(self.get_queryset(), name)(*args, **kwargs)
           ^^^^^^^^^^^^^^^^^^^^^^^^^^^^^^^^^^^^^^^^^^^^^^^^^^^
  File "<venv>/django/db/models/query.py", line 679, in create
    obj.save(force_insert=True, using=self.db)
  File "<venv>/django/db/models/base.py", line 822, in save
    self.save_base(
  File "<venv>/django/db/models/base.py", line 909, in save_base
    updated = self._save_table(
              ^^^^^^^^^^^^^^^^^
  File "<venv>/django/db/models/base.py", line 1071, in _save_table
    results = self._do_insert(
              ^^^^^^^^^^^^^^^^
  File "<venv>/django/db/models/base.py", line 1112, in _do_insert
    return manager._insert(
           ^^^^^^^^^^^^^^^^
  File "<venv>/django/db/models/manager.py", line 87, in manager_method
    return getattr(self.get_queryset(), name)(*args, **kwargs)
           ^^^^^^^^^^^^^^^^^^^^^^^^^^^^^^^^^^^^^^^^^^^^^^^^^^^
  File "<venv>/django/db/models/query.py", line 1847, in _insert
    return query.get_compiler(using=using).execute_sql(returning_fields)
           ^^^^^^^^^^^^^^^^^^^^^^^^^^^^^^^^^^^^^^^^^^^^^^^^^^^^^^^^^^^^^
  File "<venv>/django/db/models/sql/compiler.py", line 1823, in execute_sql
    cursor.execute(sql, params)
  File "<venv>/django/db/backends/utils.py", line 122, in execute
    return super().execute(sql, params)
           ^^^^^^^^^^^^^^^^^^^^^^^^^^^^
  File "<venv>/django/db/backends/utils.py", line 79, in execute
    return self._execute_with_wrappers(
           ^^^^^^^^^^^^^^^^^^^^^^^^^^^^
  File "<venv>/django/db/backends/utils.py", line 92, in _execute_with_wrappers
    return executor(sql, params, many, context)
           ^^^^^^^^^^^^^^^^^^^^^^^^^^^^^^^^^^^^
  File "<venv>/django/db/backends/utils.py", line 100, in _execute
    with self.db.wrap_database_errors:
  File "<venv>/django/db/utils.py", line 91, in __exit__
    raise dj_exc_value.with_traceback(traceback) from exc_value
  File "<venv>/django/db/backends/utils.py", line 105, in _execute
    return self.cursor.execute(sql, params)
           ^^^^^^^^^^^^^^^^^^^^^^^^^^^^^^^^
django.db.utils.IntegrityError: duplicate key value violates unique constraint "chaos_naive_unique_event_seeker"
DETAIL:  Key (event_id, seeker_id)=(8, 14) already exists.
DB rows for (event, seeker): [{'id': 17, 'status': 'CANCELLED', 'created_at': datetime.datetime(2026, 8, 27, 14, 0, 31, 268277, tzinfo=datetime.timezone.utc), 'updated_at': datetime.datetime(2026, 8, 27, 14, 0, 31, 271558, tzinfo=datetime.timezone.utc)}]
Restoring production partial unique constraint…
Restored: unique_active_enrollment_per_seeker_event
Verifying re-enrollment works under partial unique constraint…
FIX VERIFIED — re-enrolled enrollment_id=19
------------------------------------------------------------------------
*** CHAOS B COMPLETE — naive unique_together broken re-enrollment ***
Root cause: UNIQUE(event, seeker) treats CANCELLED rows as conflicts.
Fix: UniqueConstraint(fields=[event,seeker], condition=Q(status='ENROLLED')).
Full log: docs/proof/chaos_b_unique_together.log
========================================================================
